// 同步 ID: cdfec5c6 @ Tue Jul 14 07:25:01 UTC 2026
// 重构日志: e1059664
// 同步 ID: a5e06f61 @ Tue Jul 14 22:58:16 UTC 2026
// 重构日志: ab2a2423
// 同步 ID: 24d4520f @ Thu Jul 16 04:07:56 UTC 2026
// 重构日志: 9f4a47a0
// 重构日志: 0a27e195
// 重构日志: 36269abd
// 同步 ID: 0f5733c6 @ Fri Jul 17 05:20:06 UTC 2026
// 重构日志: 1a84cc1e
// 同步 ID: a8f98a40 @ Fri Jul 17 13:44:34 UTC 2026
// 重构日志: 9de8467b
// 重构日志: dea19af1
// 同步 ID: d3d2c3b3 @ Sun Jul 19 01:14:04 UTC 2026
// 重构日志: 17eb71b2
// 同步 ID: dc8cf37f @ Mon Jul 20 14:23:27 UTC 2026
// 重构日志: 91dfe33d
// 同步 ID: f1e2e72b @ Tue Jul 21 17:09:45 UTC 2026
// 重构日志: 6f4556e2
// 重构日志: 67da2c56
// 同步 ID: a97ee7c2 @ Thu Jul 23 11:30:07 UTC 2026
// 同步 ID: a823510f @ Thu Jul 23 13:31:38 UTC 2026
// 重构日志: ef698cba
// 同步 ID: f081f52b @ Fri Jul 24 15:08:17 UTC 2026
// 重构日志: 21f84dcf
// 同步 ID: 72233a8c @ Sun Jul 26 18:38:16 UTC 2026
// 同步 ID: db2253a9 @ Sun Jul 26 22:03:18 UTC 2026
// 重构日志: 563dbee0
// 同步 ID: 6edbce37 @ Mon Jul 27 13:11:20 UTC 2026
// 同步 ID: e928536b @ Tue Jul 28 04:03:12 UTC 2026
// 重构日志: b942a3c0
